// Jest Snapshot v1, https://goo.gl/fbAQLP

exports[`FooterButtons matches snapshot 1`] = `
<div
  className="makeStyles-root-1"
>
  <div
    className="makeStyles-buttonFormat-3"
  >
    <button
      className="MuiButtonBase-root MuiButton-root MuiButton-text makeStyles-button-2"
      disabled={false}
      href=""
      onBlur={[Function]}
      onDragLeave={[Function]}
      onFocus={[Function]}
      onKeyDown={[Function]}
      onKeyUp={[Function]}
      onMouseDown={[Function]}
      onMouseLeave={[Function]}
      onMouseUp={[Function]}
      onTouchEnd={[Function]}
      onTouchMove={[Function]}
      onTouchStart={[Function]}
      tabIndex={0}
      type="button"
    >
      <span
        className="MuiButton-label"
      >
        Cookie Policy
      </span>
    </button>
    <p
      className="MuiTypography-root MuiTypography-body1"
    >
      •
    </p>
  </div>
  <div
    className="makeStyles-buttonFormat-3"
  >
    <button
      className="MuiButtonBase-root MuiButton-root MuiButton-text makeStyles-button-2"
      disabled={false}
      href=""
      onBlur={[Function]}
      onDragLeave={[Function]}
      onFocus={[Function]}
      onKeyDown={[Function]}
      onKeyUp={[Function]}
      onMouseDown={[Function]}
      onMouseLeave={[Function]}
      onMouseUp={[Function]}
      onTouchEnd={[Function]}
      onTouchMove={[Function]}
      onTouchStart={[Function]}
      tabIndex={0}
      type="button"
    >
      <span
        className="MuiButton-label"
      >
        Terms of Use
      </span>
    </button>
    <p
      className="MuiTypography-root MuiTypography-body1"
    >
      •
    </p>
  </div>
  <div
    className="makeStyles-buttonFormat-3"
  >
    <button
      className="MuiButtonBase-root MuiButton-root MuiButton-text makeStyles-button-2"
      disabled={false}
      href=""
      onBlur={[Function]}
      onDragLeave={[Function]}
      onFocus={[Function]}
      onKeyDown={[Function]}
      onKeyUp={[Function]}
      onMouseDown={[Function]}
      onMouseLeave={[Function]}
      onMouseUp={[Function]}
      onTouchEnd={[Function]}
      onTouchMove={[Function]}
      onTouchStart={[Function]}
      tabIndex={0}
      type="button"
    >
      <span
        className="MuiButton-label"
      >
        Privacy Policy
      </span>
    </button>
    <p
      className="MuiTypography-root MuiTypography-body1"
    >
      •
    </p>
  </div>
  <div
    className="makeStyles-buttonFormat-3"
  >
    <button
      className="MuiButtonBase-root MuiButton-root MuiButton-text makeStyles-button-2"
      disabled={false}
      href=""
      onBlur={[Function]}
      onDragLeave={[Function]}
      onFocus={[Function]}
      onKeyDown={[Function]}
      onKeyUp={[Function]}
      onMouseDown={[Function]}
      onMouseLeave={[Function]}
      onMouseUp={[Function]}
      onTouchEnd={[Function]}
      onTouchMove={[Function]}
      onTouchStart={[Function]}
      tabIndex={0}
      type="button"
    >
      <span
        className="MuiButton-label"
      >
        Support
      </span>
    </button>
    <p
      className="MuiTypography-root MuiTypography-body1"
    >
      •
    </p>
  </div>
  <div
    className="makeStyles-buttonFormat-3"
  >
    <button
      className="MuiButtonBase-root MuiButton-root MuiButton-text makeStyles-button-2"
      disabled={false}
      href=""
      onBlur={[Function]}
      onDragLeave={[Function]}
      onFocus={[Function]}
      onKeyDown={[Function]}
      onKeyUp={[Function]}
      onMouseDown={[Function]}
      onMouseLeave={[Function]}
      onMouseUp={[Function]}
      onTouchEnd={[Function]}
      onTouchMove={[Function]}
      onTouchStart={[Function]}
      tabIndex={0}
      type="button"
    >
      <span
        className="MuiButton-label"
      >
        Material Usage
      </span>
    </button>
  </div>
</div>
`;
