// Jest Snapshot v1, https://goo.gl/fbAQLP

exports[`renders when timer is counting numbers decrement over time to the final date 1`] = `
<div
  className="makeStyles-container-1"
>
  <div
    className="makeStyles-timerLayoutMain-2"
  >
    <div
      className="makeStyles-timeTextLayout-5"
    >
      <p
        className="MuiTypography-root makeStyles-timeNumbers-6 MuiTypography-body1"
      >
        00
      </p>
      <p
        className="MuiTypography-root makeStyles-timeText-7 MuiTypography-body1"
      >
        Days
      </p>
    </div>
    <p
      className="MuiTypography-root makeStyles-colon-4 MuiTypography-body1"
    >
      :
    </p>
    <div
      className="makeStyles-timeTextLayout-5"
    >
      <p
        className="MuiTypography-root makeStyles-timeNumbers-6 MuiTypography-body1"
      >
        00
      </p>
      <p
        className="MuiTypography-root makeStyles-timeText-7 MuiTypography-body1"
      >
        Hours
      </p>
    </div>
    <p
      className="MuiTypography-root makeStyles-colon-4 MuiTypography-body1"
    >
      :
    </p>
    <div
      className="makeStyles-timeTextLayout-5"
    >
      <p
        className="MuiTypography-root makeStyles-timeNumbers-6 MuiTypography-body1"
      >
        00
      </p>
      <p
        className="MuiTypography-root makeStyles-timeText-7 MuiTypography-body1"
      >
        Mins
      </p>
    </div>
    <p
      className="MuiTypography-root makeStyles-colon-4 MuiTypography-body1"
    >
      :
    </p>
    <div
      className="makeStyles-timeTextLayout-5"
    >
      <p
        className="MuiTypography-root makeStyles-timeNumbers-6 MuiTypography-body1"
      >
        00
      </p>
      <p
        className="MuiTypography-root makeStyles-timeText-7 MuiTypography-body1"
      >
        Secs
      </p>
    </div>
  </div>
</div>
`;

exports[`renders when timer is counting renders correctly 1`] = `
<div
  className="makeStyles-container-1"
>
  <div
    className="makeStyles-timerLayoutMain-2"
  >
    <div
      className="makeStyles-timeTextLayout-5"
    >
      <p
        className="MuiTypography-root makeStyles-timeNumbers-6 MuiTypography-body1"
      >
        00
      </p>
      <p
        className="MuiTypography-root makeStyles-timeText-7 MuiTypography-body1"
      >
        Days
      </p>
    </div>
    <p
      className="MuiTypography-root makeStyles-colon-4 MuiTypography-body1"
    >
      :
    </p>
    <div
      className="makeStyles-timeTextLayout-5"
    >
      <p
        className="MuiTypography-root makeStyles-timeNumbers-6 MuiTypography-body1"
      >
        00
      </p>
      <p
        className="MuiTypography-root makeStyles-timeText-7 MuiTypography-body1"
      >
        Hours
      </p>
    </div>
    <p
      className="MuiTypography-root makeStyles-colon-4 MuiTypography-body1"
    >
      :
    </p>
    <div
      className="makeStyles-timeTextLayout-5"
    >
      <p
        className="MuiTypography-root makeStyles-timeNumbers-6 MuiTypography-body1"
      >
        00
      </p>
      <p
        className="MuiTypography-root makeStyles-timeText-7 MuiTypography-body1"
      >
        Mins
      </p>
    </div>
    <p
      className="MuiTypography-root makeStyles-colon-4 MuiTypography-body1"
    >
      :
    </p>
    <div
      className="makeStyles-timeTextLayout-5"
    >
      <p
        className="MuiTypography-root makeStyles-timeNumbers-6 MuiTypography-body1"
      >
        00
      </p>
      <p
        className="MuiTypography-root makeStyles-timeText-7 MuiTypography-body1"
      >
        Secs
      </p>
    </div>
  </div>
</div>
`;
