// Jest Snapshot v1, https://goo.gl/fbAQLP

exports[`CountdownTimer matches snapshot 1`] = `
<div
  className="makeStyles-container-1"
>
  <div
    className="makeStyles-timerLayoutMain-3"
  >
    <div
      className="makeStyles-timerFormat-2"
    >
      <div
        className="makeStyles-timeTextLayout-6"
      >
        <p
          className="MuiTypography-root makeStyles-timeNumbers-7 MuiTypography-body1"
        >
          00
        </p>
        <p
          className="MuiTypography-root makeStyles-timeText-8 MuiTypography-body1"
        >
          days
        </p>
      </div>
      <p
        className="MuiTypography-root makeStyles-colon-5 MuiTypography-body1"
      >
        :
      </p>
    </div>
    <div
      className="makeStyles-timerFormat-2"
    >
      <div
        className="makeStyles-timeTextLayout-6"
      >
        <p
          className="MuiTypography-root makeStyles-timeNumbers-7 MuiTypography-body1"
        >
          00
        </p>
        <p
          className="MuiTypography-root makeStyles-timeText-8 MuiTypography-body1"
        >
          hours
        </p>
      </div>
      <p
        className="MuiTypography-root makeStyles-colon-5 MuiTypography-body1"
      >
        :
      </p>
    </div>
    <div
      className="makeStyles-timerFormat-2"
    >
      <div
        className="makeStyles-timeTextLayout-6"
      >
        <p
          className="MuiTypography-root makeStyles-timeNumbers-7 MuiTypography-body1"
        >
          00
        </p>
        <p
          className="MuiTypography-root makeStyles-timeText-8 MuiTypography-body1"
        >
          mins
        </p>
      </div>
      <p
        className="MuiTypography-root makeStyles-colon-5 MuiTypography-body1"
      >
        :
      </p>
    </div>
    <div
      className="makeStyles-timerFormat-2"
    >
      <div
        className="makeStyles-timeTextLayout-6"
      >
        <p
          className="MuiTypography-root makeStyles-timeNumbers-7 MuiTypography-body1"
        >
          00
        </p>
        <p
          className="MuiTypography-root makeStyles-timeText-8 MuiTypography-body1"
        >
          secs
        </p>
      </div>
      <p
        className="MuiTypography-root makeStyles-colon-5 MuiTypography-body1"
      >
        :
      </p>
    </div>
  </div>
</div>
`;
