// Jest Snapshot v1, https://goo.gl/fbAQLP

exports[`social media icons individual snapshot test renders correctly 1`] = `
<button
  className="MuiButtonBase-root MuiIconButton-root makeStyles-icon-1"
  disabled={false}
  onBlur={[Function]}
  onDragLeave={[Function]}
  onFocus={[Function]}
  onKeyDown={[Function]}
  onKeyUp={[Function]}
  onMouseDown={[Function]}
  onMouseLeave={[Function]}
  onMouseUp={[Function]}
  onTouchEnd={[Function]}
  onTouchMove={[Function]}
  onTouchStart={[Function]}
  rel="noreferrer"
  tabIndex={0}
  target="_blank"
  type="button"
>
  <span
    className="MuiIconButton-label"
  />
</button>
`;
